GAMS 25.1.2  r67455 Released Aug  1, 2018 WEX-WEI x86 64bit/MS Windows - 11/24/22 12:23:55 Page 1
Pump scheduling smallest
C o m p i l a t i o n


      version: 2.0
      author of this version: sofdem@gmail.com
      characteristics: 9-period model for free GAMS version
   7   
   8  *$offlisting
   9  * stops the echo print of the input file
  10  *$offsymxref
  11  * stops the print of a complete cros-reference list of symbols
  12  *option limcol = 0;
  13  * stops the print of the column listing
  14  *option limrow = 0;
  15  * stops the print of the equation listing
  16  *option solprint = off;
  17  * stop report solution
  18   
  19  Sets
  20       n          nodes      / s, j1, j2, r1, r2, r3, r4 /
  21       j(n)       junctions  / j1, j2 /
  22       r(n)       reservoirs / r1, r2, r3, r4 /
  23       l(n,n)     pipes      / s.j1, j1.j2, j1.r1, j1.r4, j2.r2, j2.r3 /
  24       t          1-hour periods / t1*t9 /
  25       night(t)   night periods  / t1*t4 /
  26       c          pump class   / small /
  27       d          pump number  / p1*p3 /
  28       k(c,d)     pump type    / small.p1*p3 /
  29       degree     polynomial degrees / 0*2 /
  30   
  31   
  32       alias (n,np)
  33       alias (k,kp)
  34       alias (d,dp);
  35   
  36  Scalar
  37       height0      reference height at the source (m)      / 0 /
  38       tariffnight  electricity hourly tariff at night (euro.kWh^-1)  / 0.02916 /
  39       tariffday    electricity hourly tariff at day (euro.kWh^-1)    / 0.04609 /;
  40   
  41  Parameter tariff(t)   electricity tariff;
  42      tariff(t)        = tariffday;
  43      tariff(night(t)) = tariffnight;
  44   
  45  Parameters
  46      height(n)   elevation at each node relative to s (m)
  47                  / s 0, j1 30, j2 30, r1 50, r2 50, r3 45, r4 35 /
  48   
  49      surface(r)  mean surface of each reservoir (m^2)
  50                  / r1 80, r2 80, r3 80, r4 80 /
  51   
  52      vmin(r)     minimal volume of each reservoir (m^3)
  53                  / r1 100, r2 100, r3 100, r4 100 /
  54   
  55      vmax(r)     maximal volume of each reservoir (m^3)
  56                  / r1 300, r2 300, r3 300, r4 300 /
  57   
  58  Parameter vinit(r) initial volume of each reservoir;
  59      vinit(r) = vmin(r);
  60   
  61  * a polynomial is represented as the list of coefficients for each term degree
  62  Table psi(c,degree) quadratic fit of the service pressure (m) on the flow (m^3.h^-1) for each class of pumps
  63                    0              1            2
  64        small       63.0796        0            -0.0064085;
  65   
  66  Table gamma(c,degree) linear fit of the electrical power (kW) on the flow (m^3.h^-1) for each class of pumps
  67                    0              1
  68        small       3.81101     0.09627;
  69   
  70  Table demand(r,t) demand in water at each reservoir each hour (m^3)
  71       t1     t2    t3    t4     t5     t6    t7      t8      t9
  72  r1   9.83   5.0   3.67  6.5    5.67   7.5   3.0     3.0     2.0
  73  r2   44.83  18.0  0.0   0.0    0.0    0.0   0.0     45.0    51.67
  74  r3   14.0   13.33 25.5  11.0   10.0   10.0  11.0    10.33   30.17
  75  r4   1.0    1.0   8.5   9.5    4.0    2.33  0.0     1.0     0.83;
  76   
  77  Table phi(n,n,degree) quadratic fit of the pressure loss (m) on the flow (m^3.h^-1) for each pipe
  78                  2               1
  79       s.j1       0.00005425      0.00038190
  80       j1.j2      0.00027996      0.00149576
  81       j1.r1      0.00089535      0.00340436
  82       j1.r4      0.00044768      0.00170218
  83       j2.r2      0.00223839      0.00851091
  84       j2.r3      0.00134303      0.00510655;
  85   
  86  Variables
  87       Qpompe(c,d,t)       Débit de la pompe (k) à (t)
  88       Qreserve(n,t)       Débit entrant au réservoir (r) à (t)
  89       Ppompe(c,d,t)       Puissance consommée (kW) par la pompe (k) à (t)
  90       v(n,t)              Volume au réservoir (r) en (t)
  91       Nstart(c,d,t)       La pompe (k) démarre à (t);
  92   
  93  Positive variables Qpompe, Qreserve, v;
  94  Binary variable Nstart;
  95   
  96  Equations
  97       obj                           Objectif
  98       Noeud(t)                      Contrainte débit noeud à (t)
  99       Satisfaction_demande(r,t)     Satisfaction de la demande en (r) à (t)
 100       Sup_Volume(r,t)               Borne sup volume en (r) à (t)
 101       Inf_Volume(r,t)               Borne inf volume en (r) à (t)
 102       Elec_pompe(c,d,t)             Consommation électrique de la pompe (c),(d) à (t);
****                                                                              $2,195,96
****   2  Identifier expected
****  96  Blank needed between identifier and text
****        (-or- illegal character in identifier)
****        (-or- check for missing ';' on previous line)
**** 195  Symbol redefined with a different type
 103   
 104  Noeud(t) ..                   sum(k, Qpompe(k,t)) =e=  sum(k, Qreserve(k,t));
****                                                                          $171,148
**** 148  Dimension different - The symbol is referenced with more/less
****         indices as declared
**** 171  Domain violation for set
 105  Satisfaction(r,t) ..          v(r,t+1) - v(r,t)   =e=  1 * (Qreserve(r,t)-demand(r,t));
****             $140
**** 140  Unknown symbol
 106  Sup_Volume(r,t) ..            v(r,t)              =l=  vmax(r);
 107  Inf_Volume(r,t) ..            v(r,t)              =g=  vmin(r);
 108  Elec_pompe(c,d,t)$k(c,d) ..   Ppompe(k(c,d),t)         =e=  sum(degree, psi(c,degree) * Qpompe(k(c,d),t)**2);
****                                        $149,148,8,37,409
****   8  ')' expected
****  37  '=l=' or '=e=' or '=g=' operator expected
**** 148  Dimension different - The symbol is referenced with more/less
****         indices as declared
**** 149  Uncontrolled set entered as constant
**** 409  Unrecognizable item - skip to find a new statement
****        looking for a ';' or a key word to get started again
 109   
 110   
 111   
 112   

**** 11 ERROR(S)   0 WARNING(S)


COMPILATION TIME     =        0.000 SECONDS      3 MB  25.1.2 r67455 WEX-WEI


USER: Large MUD - 20 User License                    W181015:1136AO-GEN
      Ecole des Mines de Paris, CMA                              DC4036
      License for teaching and research at degree granting institutions


**** FILE SUMMARY

Input      C:\Users\robinson.beaucour\PythonProjects\OptiNonLineaireNE\data\4WT_small.gms
Output     C:\Users\robinson.beaucour\PythonProjects\OptiNonLineaireNE\data\4WT_small.lst

**** USER ERROR(S) ENCOUNTERED
